---
source: tests/integration.rs
expression: "run_aion_test(\"compiler/self_parser_match\")"
---
tokens: 141
parse ok
declarations: 4
== fn classify
  return-value: match expression
== fn describe
stmt-match arms: 3
  [0] Color.Red bind=- -
  [1] Color.Green bind=- -
  [2] _ bind=- -
== fn unwrap2
stmt-match arms: 2
  [0] Some bind=v -
  [1] None bind=- -
== fn grade
stmt-match arms: 2
  [0] n bind=n guard
  [1] _ bind=- -
