---
source: tests/integration.rs
expression: "run_aion_test(\"compiler/self_parser_suite\")"
---
FAIL: tests/fixtures/language/array_as_param.ai: Expected expression in parse_primary
FAIL: tests/fixtures/language/array_basic.ai: Expected expression in parse_primary
FAIL: tests/fixtures/language/array_bounds.ai: Expected expression in parse_primary
FAIL: tests/fixtures/language/array_return_error.ai: Expected expression in parse_primary
FAIL: tests/fixtures/language/array_return_literal.ai: Expected expression in parse_primary
FAIL: tests/fixtures/language/float_int_cast.ai: Expected = after let identifier
FAIL: tests/fixtures/language/generics_multi_arg_err.ai: Expected expression in parse_primary
FAIL: tests/fixtures/language/integer_mismatch.ai: Expected = after let identifier
FAIL: tests/fixtures/language/integer_sizes.ai: Expected = after let identifier
FAIL: tests/fixtures/language/let_type_annotation.ai: Expected = after let identifier
FAIL: tests/fixtures/language/match_as_initializer.ai: Expected = after let identifier
FAIL: tests/fixtures/language/match_exhaustive.ai: Expected = after let identifier
FAIL: tests/fixtures/language/match_expr_multi_payload.ai: Expected = after let identifier
FAIL: tests/fixtures/language/operators.ai: Expected expression in parse_primary
FAIL: tests/fixtures/language/parse_result.ai: Expected expression in parse_primary
FAIL: tests/fixtures/language/primitive_methods.ai: Expected expression in parse_primary
FAIL: tests/fixtures/language/struct_return.ai: Expected expression in parse_primary
FAIL: tests/fixtures/language/tuple_basic.ai: Expected ')' after expression
FAIL: tests/fixtures/language/tuple_nested.ai: Expected ')' after expression
FAIL: tests/fixtures/language/tuple_return.ai: Expected ')' after expression
FAIL: tests/fixtures/stdlib/string_methods.ai: Expected expression in parse_primary
FAIL: tests/fixtures/compiler/codegen_calls_generics.ai: Expected expression in parse_primary
FAIL: tests/fixtures/compiler/codegen_control_flow.ai: Expected expression in parse_primary
FAIL: tests/fixtures/compiler/codegen_expressions.ai: Expected expression in parse_primary
FAIL: tests/fixtures/compiler/codegen_match_intrinsics.ai: Expected expression in parse_primary
FAIL: tests/fixtures/compiler/codegen_memory_layout.ai: Expected expression in parse_primary
FAIL: tests/fixtures/compiler/codegen_skeleton.ai: Expected expression in parse_primary
FAIL: tests/fixtures/compiler/error_assign_type_mismatch.ai: Expected = after let identifier
FAIL: tests/fixtures/compiler/error_cast_string.ai: Expected = after let identifier
FAIL: tests/fixtures/compiler/error_if_branch_types.ai: Expected expression in parse_primary
FAIL: tests/fixtures/compiler/error_undefined_field.ai: Expected = after let identifier
FAIL: tests/fixtures/compiler/optimization_check.ai: Expected expression in parse_primary
FAIL: tests/fixtures/compiler/self_codegen.ai: Expected expression in parse_primary
FAIL: tests/fixtures/compiler/self_lexer_hello.ai: Expected expression in parse_primary
FAIL: tests/fixtures/compiler/self_lexer_loop.ai: Expected expression in parse_primary
FAIL: tests/fixtures/compiler/self_parser.ai: Expected expression in parse_primary
FAIL: tests/fixtures/compiler/self_parser_call.ai: Expected expression in parse_primary
FAIL: tests/fixtures/compiler/self_parser_decls.ai: Expected expression in parse_primary
FAIL: tests/fixtures/compiler/self_parser_hello.ai: Expected expression in parse_primary
FAIL: tests/fixtures/compiler/self_parser_match.ai: Expected expression in parse_primary
FAIL: tests/fixtures/compiler/self_parser_stmts.ai: Expected expression in parse_primary
FAIL: tests/fixtures/compiler/self_parser_suite.ai: Expected expression in parse_primary
parsed 95/137 fixtures
